before

node.js:134
        throw e; // process.nextTick error, or 'error' event on first tick
        ^
[object Object]
